Microchip MPLAB XC8 Compiler V2.10 ()

Linker command line:

-W-3 --edf=/opt/microchip/xc8/v2.10/pic/dat/en_msgs.txt -cs \
  -h+dist/default/production/matrix.X.production.sym \
  --cmf=dist/default/production/matrix.X.production.cmf -z -Q16F628A \
  -o/tmp/xcX6mWO7T --defsym=__MPLAB_BUILD=1 \
  -Mdist/default/production/matrix.X.production.map -E1 -ver=XC8 \
  --acfsm=1493 -ASTACK=0120h-014Fh -pstack=STACK -ACODE=00h-07FFh \
  -ASTRCODE=00h-07FFh -ASTRING=00h-0FFhx8 -ACONST=00h-0FFhx8 \
  -AENTRY=00h-0FFhx8 -ACOMMON=070h-07Fh -ABANK0=020h-06Fh -ABANK1=0A0h-0EFh \
  -ABANK2=0120h-014Fh -ARAM=020h-06Fh,0A0h-0EFh,0120h-014Fh \
  -AABS1=020h-07Fh,0A0h-0EFh,0120h-014Fh -ASFR0=00h-01Fh -ASFR1=080h-09Fh \
  -ASFR2=0100h-011Fh -ASFR3=0180h-01EFh \
  -preset_vec=00h,intentry,init,end_init -ppowerup=CODE -pcinit=CODE \
  -pfunctab=ENTRY -ACONFIG=02007h-02007h -pconfig=CONFIG -DCONFIG=2 \
  -AIDLOC=02000h-02003h -pidloc=IDLOC -DIDLOC=2 -AEEDATA=00h-07Fh/02100h \
  -peeprom_data=EEDATA -DEEDATA=2 -DCODE=2 -DSTRCODE=2 -DSTRING=2 -DCONST=2 \
  -DENTRY=2 -k /tmp/xcX5dViTS.o \
  dist/default/production/matrix.X.production.o 

Object code version is 3.11

Machine type is 16F628A



                Name                               Link     Load   Length Selector   Space Scale
/tmp/xcX5dViTS.o
                end_init                              0        0        1        0       0
                config                             2007     2007        1     400E       0
dist/default/production/matrix.X.production.o
                cinit                               7F3      7F3        D      FE6       0
                text6                               540      540       67      A80       0
                text5                               50F      50F        B      A1E       0
                text4                               612      612       6E      C24       0
                text3                               5A7      5A7       6B      B4E       0
                text2                               51A      51A        E      A34       0
                text1                               528      528       18      A50       0
                maintext                            680      680      173      D00       0
                cstackBANK0                          20       20       16       20       1
                cstackCOMMON                         70       70        C       70       1
                cstackBANK1                          A0       A0       4C       A0       1
                clrtext                             507      507        8      A0E       0
                dataBANK1                            EC       EC        2       A0       1
                bssBANK0                             36       36       10       20       1
                idataBANK1                          505      505        2      A0A       0

TOTAL           Name                               Link     Load   Length     Space
        CLASS   STACK          

        CLASS   CODE           
                end_init                              0        0        1         0
                cinit                               7F3      7F3        D         0
                text6                               540      540       67         0
                text5                               50F      50F        B         0
                text4                               612      612       6E         0
                text3                               5A7      5A7       6B         0
                text2                               51A      51A        E         0
                text1                               528      528       18         0
                maintext                            680      680      173         0
                clrtext                             507      507        8         0
                idataBANK1                          505      505        2         0

        CLASS   STRCODE        

        CLASS   STRING         

        CLASS   CONST          

        CLASS   ENTRY          

        CLASS   COMMON         
                cstackCOMMON                         70       70        C         1

        CLASS   BANK0          
                cstackBANK0                          20       20       16         1
                bssBANK0                             36       36       10         1

        CLASS   BANK1          
                cstackBANK1                          A0       A0       4C         1
                dataBANK1                            EC       EC        2         1

        CLASS   BANK2          

        CLASS   RAM            

        CLASS   ABS1           
                abs_s1                               7E       7E        2         1

        CLASS   SFR0           

        CLASS   SFR1           

        CLASS   SFR2           

        CLASS   SFR3           

        CLASS   CONFIG         
                config                             2007     2007        1         0

        CLASS   IDLOC          

        CLASS   EEDATA         

        CLASS   BANK3          



SEGMENTS        Name                           Load    Length   Top    Selector   Space  Class     Delta

                reset_vec                      000000  000001  000001         0       0  CODE        2
                cstackBANK0                    000020  000026  000046        20       1  BANK0       1
                cstackCOMMON                   000070  00000C  00007C        70       1  COMMON      1
                cstackBANK1                    0000A0  00004E  0000EE        A0       1  BANK1       1
                idataBANK1                     000505  000002  000507       A0A       0  CODE        2
                clrtext                        000507  000008  00050F       A0E       0  CODE        2
                text5                          00050F  00000B  00051A       A1E       0  CODE        2
                text2                          00051A  00000E  000528       A34       0  CODE        2
                text1                          000528  000018  000540       A50       0  CODE        2
                text6                          000540  000067  0005A7       A80       0  CODE        2
                text3                          0005A7  00006B  000612       B4E       0  CODE        2
                text4                          000612  00006E  000680       C24       0  CODE        2
                maintext                       000680  000173  0007F3       D00       0  CODE        2
                cinit                          0007F3  00000D  000800       FE6       0  CODE        2
                config                         002007  000001  002008      400E       0  CONFIG      2


UNUSED ADDRESS RANGES

        Name                Unused          Largest block    Delta
        BANK0            0046-006F             2A           1
        BANK1            00EE-00EF              2           1
        BANK2            0120-014F             30           1
        CODE             0001-0504            504           2
        COMMON           007C-007D              2           1
        CONST            0001-0504            100           2
        EEDATA           2100-217F             80           2
        ENTRY            0001-0504            100           2
        IDLOC            2000-2003              4           2
        RAM              0046-006F             2A           1
                         00EE-00EF              2
                         0120-014F             30
        SFR0             0000-001F             20           1
        SFR1             0080-009F             20           1
        SFR2             0100-011F             20           1
        SFR3             0180-01EF             70           1
        STACK            0120-014F             30           1
        STRCODE          0001-0504            504           2
        STRING           0001-0504            100           2

                                  Symbol Table

?___awdiv                    cstackCOMMON 0070
_CMCON                       (abs)        001F
_GIE                         (abs)        005F
_RA0                         (abs)        0028
_RA1                         (abs)        0029
_RA2                         (abs)        002A
_RBIE                        (abs)        005B
_RBIF                        (abs)        0058
_TMR1H                       (abs)        000F
_TMR1L                       (abs)        000E
_TMR1ON                      (abs)        0080
_TRISA                       (abs)        0085
_TRISB                       (abs)        0086
__CFG_BOREN$ON               (abs)        0000
__CFG_CP$OFF                 (abs)        0000
__CFG_FOSC$INTOSCIO          (abs)        0000
__CFG_LVP$OFF                (abs)        0000
__CFG_MCLRE$OFF              (abs)        0000
__CFG_PWRTE$ON               (abs)        0000
__CFG_WDTE$OFF               (abs)        0000
__Habs1                      abs1         0000
__Hbank0                     bank0        0000
__Hbank1                     bank1        0000
__Hbank2                     bank2        0000
__Hbank3                     bank3        0000
__HbssBANK0                  bssBANK0     0000
__Hcinit                     cinit        0800
__Hclrtext                   clrtext      0000
__Hcode                      code         0000
__Hcommon                    common       0000
__Hconfig                    config       2008
__HcstackBANK0               cstackBANK0  0000
__HcstackBANK1               cstackBANK1  0000
__HcstackCOMMON              cstackCOMMON 0000
__HdataBANK1                 dataBANK1    0000
__Heeprom_data               eeprom_data  0000
__Hend_init                  end_init     0001
__Hfunctab                   functab      0000
__HidataBANK1                idataBANK1   0000
__Hidloc                     idloc        0000
__Hinit                      init         0000
__Hintentry                  intentry     0000
__Hmaintext                  maintext     0000
__Hpowerup                   powerup      0000
__Hram                       ram          0000
__Hreset_vec                 reset_vec    0000
__Hsfr0                      sfr0         0000
__Hsfr1                      sfr1         0000
__Hsfr2                      sfr2         0000
__Hsfr3                      sfr3         0000
__Hspace_0                   (abs)        2008
__Hspace_1                   (abs)        00EE
__Hspace_2                   (abs)        0000
__Hspace_3                   (abs)        0000
__Hstack                     stack        0000
__Hstrings                   strings      0000
__Htext                      text         0000
__Labs1                      abs1         0000
__Lbank0                     bank0        0000
__Lbank1                     bank1        0000
__Lbank2                     bank2        0000
__Lbank3                     bank3        0000
__LbssBANK0                  bssBANK0     0000
__Lcinit                     cinit        07F3
__Lclrtext                   clrtext      0000
__Lcode                      code         0000
__Lcommon                    common       0000
__Lconfig                    config       2007
__LcstackBANK0               cstackBANK0  0000
__LcstackBANK1               cstackBANK1  0000
__LcstackCOMMON              cstackCOMMON 0000
__LdataBANK1                 dataBANK1    0000
__Leeprom_data               eeprom_data  0000
__Lend_init                  end_init     0000
__Lfunctab                   functab      0000
__LidataBANK1                idataBANK1   0000
__Lidloc                     idloc        0000
__Linit                      init         0000
__Lintentry                  intentry     0000
__Lmaintext                  maintext     0000
__Lpowerup                   powerup      0000
__Lram                       ram          0000
__Lreset_vec                 reset_vec    0000
__Lsfr0                      sfr0         0000
__Lsfr1                      sfr1         0000
__Lsfr2                      sfr2         0000
__Lsfr3                      sfr3         0000
__Lspace_0                   (abs)        0000
__Lspace_1                   (abs)        0000
__Lspace_2                   (abs)        0000
__Lspace_3                   (abs)        0000
__Lstack                     stack        0000
__Lstrings                   strings      0000
__Ltext                      text         0000
__S0                         (abs)        2008
__S1                         (abs)        00EE
__S2                         (abs)        0000
__S3                         (abs)        0000
___awdiv                     text6        0540
___awdiv@counter             cstackCOMMON 0075
___awdiv@dividend            cstackCOMMON 0072
___awdiv@divisor             cstackCOMMON 0070
___awdiv@quotient            cstackCOMMON 0077
___awdiv@sign                cstackCOMMON 0076
___int_sp                    stack        0000
___latbits                   (abs)        0000
___sp                        stack        0000
___stackhi                   (abs)        0000
___stacklo                   (abs)        0000
__end_of___awdiv             text6        05A7
__end_of__initialization     cinit        07FE
__end_of_desenharMatriz      text3        0612
__end_of_enviarParaDisplay   text4        0680
__end_of_finalizarEnvio      text5        051A
__end_of_inicializarDisplay  text2        0528
__end_of_main                maintext     07F3
__end_of_renderizar          text1        0540
__initialization             cinit        07F3
__pbssBANK0                  bssBANK0     0036
__pcstackBANK0               cstackBANK0  0020
__pcstackBANK1               cstackBANK1  00A0
__pcstackCOMMON              cstackCOMMON 0070
__pdataBANK1                 dataBANK1    00EC
__pidataBANK1                idataBANK1   0505
__pmaintext                  maintext     0680
__ptext1                     text1        0528
__ptext2                     text2        051A
__ptext3                     text3        05A7
__ptext4                     text4        0612
__ptext5                     text5        050F
__ptext6                     text6        0540
__size_of___awdiv            (abs)        0000
__size_of_desenharMatriz     (abs)        0000
__size_of_enviarParaDisplay  (abs)        0000
__size_of_finalizarEnvio     (abs)        0000
__size_of_inicializarDisplay (abs)        0000
__size_of_main               (abs)        0000
__size_of_renderizar         (abs)        0000
_desenharMatriz              text3        05A7
_enviarParaDisplay           text4        0612
_finalizarEnvio              text5        050F
_inicializarDisplay          text2        051A
_main                        maintext     0680
_renderizar                  text1        0528
_tamanho_kobra               dataBANK1    00ED
btemp                        (abs)        007E
clear_ram0                   clrtext      0507
desenharMatriz@i             cstackBANK0  0030
desenharMatriz@i_102         cstackBANK0  0032
desenharMatriz@indice        cstackBANK0  002F
desenharMatriz@j             cstackBANK0  0031
desenharMatriz@temp          cstackBANK0  0026
desenharMatriz@vetor         cstackBANK0  002E
end_of_initialization        cinit        07FE
enviarParaDisplay@i          cstackCOMMON 0076
enviarParaDisplay@i_108      cstackCOMMON 0078
enviarParaDisplay@parteAlta  cstackCOMMON 007A
enviarParaDisplay@parteBaixa cstackCOMMON 0071
enviarParaDisplay@temp       cstackCOMMON 0074
enviarParaDisplay@temp_109   cstackCOMMON 0075
intlevel0                    functab      0000
intlevel1                    functab      0000
intlevel2                    functab      0000
intlevel3                    functab      0000
intlevel4                    functab      0000
intlevel5                    functab      0000
main@i                       cstackBANK1  00EB
main@kobra                   cstackBANK1  00A0
main@mapa                    cstackBANK1  00E0
main@ovo                     cstackBANK1  00E9
main@semente                 cstackBANK1  00E8
renderizar@aux               cstackCOMMON 0070
renderizar@mapa              cstackCOMMON 0077
reset_vec                    reset_vec    0000
start                        init         0000
start_initialization         cinit        07F3
wtemp0                       (abs)        007E


FUNCTION INFORMATION:

 *************** function _main *****************
 Defined at:
		line 34 in file "main.c"
 Parameters:    Size  Location     Type
		None
 Auto vars:     Size  Location     Type
  kobra          64    0[BANK1 ] struct .[32]
  mapa            8   64[BANK1 ] unsigned char [8]
  ovo             2   73[BANK1 ] struct .
  i               1   75[BANK1 ] unsigned char 
  semente         1   72[BANK1 ] unsigned char 
 Return value:  Size  Location     Type
                  1    wreg      void 
 Registers used:
		wreg, fsr0l, fsr0h, status,2, status,0, btemp+1, pclath, cstack
 Tracked objects:
		On entry : 
		On exit  : 
		Unchanged: 
 Data sizes:     COMMON   BANK0   BANK1   BANK2
      Params:         0       0       0       0
      Locals:         0       0      76       0
      Temps:          0       3       0       0
      Totals:         0       3      76       0
Total ram usage:       79 bytes
 Hardware stack levels required when called:    3
 This function calls:
		___awdiv
		_desenharMatriz
		_inicializarDisplay
		_renderizar
 This function is called by:
		Startup code after reset
 This function uses a non-reentrant model


 *************** function _renderizar *****************
 Defined at:
		line 116 in file "main.c"
 Parameters:    Size  Location     Type
  mapa            1    wreg     PTR unsigned char 
		 -> main@mapa(8), 
  aux             2    0[COMMON] struct .
 Auto vars:     Size  Location     Type
  mapa            1    7[COMMON] PTR unsigned char 
		 -> main@mapa(8), 
 Return value:  Size  Location     Type
                  1    wreg      void 
 Registers used:
		wreg, fsr0l, fsr0h, status,2, status,0
 Tracked objects:
		On entry : 
		On exit  : 
		Unchanged: 
 Data sizes:     COMMON   BANK0   BANK1   BANK2
      Params:         2       0       0       0
      Locals:         1       0       0       0
      Temps:          5       0       0       0
      Totals:         8       0       0       0
Total ram usage:        8 bytes
 Hardware stack levels used:    1
 This function calls:
		Nothing
 This function is called by:
		_main
 This function uses a non-reentrant model


 *************** function _inicializarDisplay *****************
 Defined at:
		line 120 in file "main.c"
 Parameters:    Size  Location     Type
		None
 Auto vars:     Size  Location     Type
  parteBaixa      1    0        unsigned char 
  parteAlta       1    0        unsigned char 
 Return value:  Size  Location     Type
                  1    wreg      void 
 Registers used:
		wreg, status,2, status,0, btemp+1, pclath, cstack
 Tracked objects:
		On entry : 
		On exit  : 
		Unchanged: 
 Data sizes:     COMMON   BANK0   BANK1   BANK2
      Params:         0       0       0       0
      Locals:         2       0       0       0
      Temps:          1       0       0       0
      Totals:         3       0       0       0
Total ram usage:        3 bytes
 Hardware stack levels used:    1
 Hardware stack levels required when called:    2
 This function calls:
		_enviarParaDisplay
 This function is called by:
		_main
 This function uses a non-reentrant model


 *************** function _desenharMatriz *****************
 Defined at:
		line 134 in file "main.c"
 Parameters:    Size  Location     Type
  vetor           1    wreg     PTR unsigned char 
		 -> main@mapa(8), 
 Auto vars:     Size  Location     Type
  vetor           1   14[BANK0 ] PTR unsigned char 
		 -> main@mapa(8), 
  j               1   17[BANK0 ] unsigned char 
  i               1   18[BANK0 ] unsigned char 
  i               1   16[BANK0 ] unsigned char 
  temp            8    6[BANK0 ] unsigned char [8]
  indice          1   15[BANK0 ] unsigned char 
 Return value:  Size  Location     Type
                  1    wreg      void 
 Registers used:
		wreg, fsr0l, fsr0h, status,2, status,0, btemp+1, pclath, cstack
 Tracked objects:
		On entry : 
		On exit  : 
		Unchanged: 
 Data sizes:     COMMON   BANK0   BANK1   BANK2
      Params:         0       0       0       0
      Locals:         0      13       0       0
      Temps:          0       6       0       0
      Totals:         0      19       0       0
Total ram usage:       19 bytes
 Hardware stack levels used:    1
 Hardware stack levels required when called:    2
 This function calls:
		_enviarParaDisplay
 This function is called by:
		_main
 This function uses a non-reentrant model


 *************** function _enviarParaDisplay *****************
 Defined at:
		line 148 in file "main.c"
 Parameters:    Size  Location     Type
  parteAlta       1    wreg     unsigned char 
  parteBaixa      1    1[COMMON] unsigned char 
 Auto vars:     Size  Location     Type
  parteAlta       1   10[COMMON] unsigned char 
  temp            1    5[COMMON] unsigned char 
  temp            1    4[COMMON] unsigned char 
  i               2    8[COMMON] int 
  i               2    6[COMMON] int 
 Return value:  Size  Location     Type
                  1    wreg      void 
 Registers used:
		wreg, status,2, status,0, btemp+1, pclath, cstack
 Tracked objects:
		On entry : 
		On exit  : 
		Unchanged: 
 Data sizes:     COMMON   BANK0   BANK1   BANK2
      Params:         1       0       0       0
      Locals:         7       0       0       0
      Temps:          2       0       0       0
      Totals:        10       0       0       0
Total ram usage:       10 bytes
 Hardware stack levels used:    1
 Hardware stack levels required when called:    1
 This function calls:
		_finalizarEnvio
 This function is called by:
		_inicializarDisplay
		_desenharMatriz
 This function uses a non-reentrant model


 *************** function _finalizarEnvio *****************
 Defined at:
		line 170 in file "main.c"
 Parameters:    Size  Location     Type
		None
 Auto vars:     Size  Location     Type
		None
 Return value:  Size  Location     Type
                  1    wreg      void 
 Registers used:
		wreg
 Tracked objects:
		On entry : 
		On exit  : 
		Unchanged: 
 Data sizes:     COMMON   BANK0   BANK1   BANK2
      Params:         0       0       0       0
      Locals:         0       0       0       0
      Temps:          1       0       0       0
      Totals:         1       0       0       0
Total ram usage:        1 bytes
 Hardware stack levels used:    1
 This function calls:
		Nothing
 This function is called by:
		_enviarParaDisplay
 This function uses a non-reentrant model


 *************** function ___awdiv *****************
 Defined at:
		line 5 in file "/opt/microchip/xc8/v2.10/pic/sources/c90/common/awdiv.c"
 Parameters:    Size  Location     Type
  divisor         2    0[COMMON] int 
  dividend        2    2[COMMON] int 
 Auto vars:     Size  Location     Type
  quotient        2    7[COMMON] int 
  sign            1    6[COMMON] unsigned char 
  counter         1    5[COMMON] unsigned char 
 Return value:  Size  Location     Type
                  2    0[COMMON] int 
 Registers used:
		wreg, status,2, status,0
 Tracked objects:
		On entry : 
		On exit  : 
		Unchanged: 
 Data sizes:     COMMON   BANK0   BANK1   BANK2
      Params:         4       0       0       0
      Locals:         4       0       0       0
      Temps:          1       0       0       0
      Totals:         9       0       0       0
Total ram usage:        9 bytes
 Hardware stack levels used:    1
 This function calls:
		Nothing
 This function is called by:
		_main
 This function uses a non-reentrant model



MODULE INFORMATION

Module		Function		Class		Link	Load	Size
/opt/microchip/xc8/v2.10/pic/sources/c90/common/awdiv.c
		___awdiv       		CODE           	0540	0000	104

/opt/microchip/xc8/v2.10/pic/sources/c90/common/awdiv.c estimated size: 104

shared
		__initialization		CODE           	07F3	0000	12

shared estimated size: 12

main.c
		_inicializarDisplay		CODE           	051A	0000	15
		_main          		CODE           	0680	0000	372
		_finalizarEnvio		CODE           	050F	0000	12
		_renderizar    		CODE           	0528	0000	25
		_desenharMatriz		CODE           	05A7	0000	108
		_enviarParaDisplay		CODE           	0612	0000	111

main.c estimated size: 643

