Microchip MPLAB XC8 Compiler V2.10 ()

Linker command line:

-W-3 --edf=/opt/microchip/xc8/v2.10/pic/dat/en_msgs.txt -cs \
  -h+dist/default/production/matrix.X.production.sym \
  --cmf=dist/default/production/matrix.X.production.cmf -z -Q16F628A \
  -o/tmp/xcXzZR3Bz --defsym=__MPLAB_BUILD=1 \
  -Mdist/default/production/matrix.X.production.map -E1 -ver=XC8 \
  --acfsm=1493 -ASTACK=0120h-014Fh -pstack=STACK -ACODE=00h-07FFh \
  -ASTRCODE=00h-07FFh -ASTRING=00h-0FFhx8 -ACONST=00h-0FFhx8 \
  -AENTRY=00h-0FFhx8 -ACOMMON=070h-07Fh -ABANK0=020h-06Fh -ABANK1=0A0h-0EFh \
  -ABANK2=0120h-014Fh -ARAM=020h-06Fh,0A0h-0EFh,0120h-014Fh \
  -AABS1=020h-07Fh,0A0h-0EFh,0120h-014Fh -ASFR0=00h-01Fh -ASFR1=080h-09Fh \
  -ASFR2=0100h-011Fh -ASFR3=0180h-01EFh \
  -preset_vec=00h,intentry=04h,init,end_init -ppowerup=CODE -pcinit=CODE \
  -pfunctab=ENTRY -ACONFIG=02007h-02007h -pconfig=CONFIG -DCONFIG=2 \
  -AIDLOC=02000h-02003h -pidloc=IDLOC -DIDLOC=2 -AEEDATA=00h-07Fh/02100h \
  -peeprom_data=EEDATA -DEEDATA=2 -DCODE=2 -DSTRCODE=2 -DSTRING=2 -DCONST=2 \
  -DENTRY=2 -k /tmp/xcXxsmLgL.o \
  dist/default/production/matrix.X.production.o 

Object code version is 3.11

Machine type is 16F628A



                Name                               Link     Load   Length Selector   Space Scale
/tmp/xcXxsmLgL.o
                end_init                              A        A        1        8       0
                reset_vec                             0        0        1        0       0
                config                             2007     2007        1     400E       0
dist/default/production/matrix.X.production.o
                cinit                                 B        B       11        8       0
                intentry                              4        4        6        8       0
                text8                               33F      33F       3E        8       0
                text7                               2D6      2D6       69        8       0
                text6                               3E3      3E3        B        8       0
                text5                               1F7      1F7       74        8       0
                text4                               26B      26B       6B        8       0
                text3                               3D3      3D3       10        8       0
                text2                               37D      37D       3A        8       0
                text1                               3B7      3B7       1C        8       0
                maintext                             1C       1C      1DB        8       0
                cstackBANK0                          20       20       1D       20       1
                cstackCOMMON                         70       70        8       70       1
                cstackBANK1                          A0       A0       4C       A0       1
                clrtext                             3EE      3EE        8        8       0
                dataBANK1                            EC       EC        3       A0       1
                bssBANK0                             3D       3D       10       20       1
                bssCOMMON                            78       78        2       70       1
                idataBANK1                          3F6      3F6        3        8       0

TOTAL           Name                               Link     Load   Length     Space
        CLASS   STACK          

        CLASS   CODE           
                end_init                              A        A        1         0
                cinit                                 B        B       11         0
                intentry                              4        4        6         0
                reset_vec                             0        0        1         0
                text8                               33F      33F       3E         0
                text7                               2D6      2D6       69         0
                text6                               3E3      3E3        B         0
                text5                               1F7      1F7       74         0
                text4                               26B      26B       6B         0
                text3                               3D3      3D3       10         0
                text2                               37D      37D       3A         0
                text1                               3B7      3B7       1C         0
                maintext                             1C       1C      1DB         0
                clrtext                             3EE      3EE        8         0
                idataBANK1                          3F6      3F6        3         0

        CLASS   STRCODE        

        CLASS   STRING         

        CLASS   CONST          

        CLASS   ENTRY          

        CLASS   COMMON         
                cstackCOMMON                         70       70        8         1
                bssCOMMON                            78       78        2         1

        CLASS   BANK0          
                cstackBANK0                          20       20       1D         1
                bssBANK0                             3D       3D       10         1

        CLASS   BANK1          
                cstackBANK1                          A0       A0       4C         1
                dataBANK1                            EC       EC        3         1

        CLASS   BANK2          

        CLASS   RAM            

        CLASS   ABS1           
                abs_s1                               7E       7E        2         1

        CLASS   SFR0           

        CLASS   SFR1           

        CLASS   SFR2           

        CLASS   SFR3           

        CLASS   CONFIG         
                config                             2007     2007        1         0

        CLASS   IDLOC          

        CLASS   EEDATA         

        CLASS   BANK3          



SEGMENTS        Name                           Load    Length   Top    Selector   Space  Class     Delta

                reset_vec                      000000  000001  000001         0       0  CODE        2
                intentry                       000004  0003F5  0003F9         8       0  CODE        2
                cstackBANK0                    000020  00002D  00004D        20       1  BANK0       1
                cstackCOMMON                   000070  00000A  00007A        70       1  COMMON      1
                cstackBANK1                    0000A0  00004F  0000EF        A0       1  BANK1       1
                config                         002007  000001  002008      400E       0  CONFIG      2


UNUSED ADDRESS RANGES

        Name                Unused          Largest block    Delta
        BANK0            004D-006F             23           1
        BANK1            00EF-00EF              1           1
        BANK2            0120-014F             30           1
        CODE             0001-0003              3           2
                         03F9-07FF            407
        COMMON           007A-007D              4           1
        CONST            0001-0003              3           2
                         03F9-07FF            100
        EEDATA           2100-217F             80           2
        ENTRY            0001-0003              3           2
                         03F9-07FF            100
        IDLOC            2000-2003              4           2
        RAM              004D-006F             23           1
                         00EF-00EF              1
                         0120-014F             30
        SFR0             0000-001F             20           1
        SFR1             0080-009F             20           1
        SFR2             0100-011F             20           1
        SFR3             0180-01EF             70           1
        STACK            0120-014F             30           1
        STRCODE          0001-0003              3           2
                         03F9-07FF            407
        STRING           0001-0003              3           2
                         03F9-07FF            100

                                  Symbol Table

?___awdiv                    cstackCOMMON 0074
_CMCON                       (abs)        001F
_GIE                         (abs)        005F
_RA0                         (abs)        0028
_RA1                         (abs)        0029
_RA2                         (abs)        002A
_RB4                         (abs)        0034
_RBIE                        (abs)        005B
_RBIF                        (abs)        0058
_TRISA                       (abs)        0085
_TRISB                       (abs)        0086
__CFG_BOREN$ON               (abs)        0000
__CFG_CP$OFF                 (abs)        0000
__CFG_FOSC$INTOSCIO          (abs)        0000
__CFG_LVP$OFF                (abs)        0000
__CFG_MCLRE$OFF              (abs)        0000
__CFG_PWRTE$ON               (abs)        0000
__CFG_WDTE$OFF               (abs)        0000
__Habs1                      abs1         0000
__Hbank0                     bank0        0000
__Hbank1                     bank1        0000
__Hbank2                     bank2        0000
__Hbank3                     bank3        0000
__HbssBANK0                  bssBANK0     0000
__HbssCOMMON                 bssCOMMON    0000
__Hcinit                     cinit        001C
__Hclrtext                   clrtext      0000
__Hcode                      code         0000
__Hcommon                    common       0000
__Hconfig                    config       2008
__HcstackBANK0               cstackBANK0  0000
__HcstackBANK1               cstackBANK1  0000
__HcstackCOMMON              cstackCOMMON 0000
__HdataBANK1                 dataBANK1    0000
__Heeprom_data               eeprom_data  0000
__Hend_init                  end_init     000B
__Hfunctab                   functab      0000
__HidataBANK1                idataBANK1   0000
__Hidloc                     idloc        0000
__Hinit                      init         000A
__Hintentry                  intentry     000A
__Hmaintext                  maintext     0000
__Hpowerup                   powerup      0000
__Hram                       ram          0000
__Hreset_vec                 reset_vec    0001
__Hsfr0                      sfr0         0000
__Hsfr1                      sfr1         0000
__Hsfr2                      sfr2         0000
__Hsfr3                      sfr3         0000
__Hspace_0                   (abs)        2008
__Hspace_1                   (abs)        00EF
__Hspace_2                   (abs)        0000
__Hspace_3                   (abs)        0000
__Hstack                     stack        0000
__Hstrings                   strings      0000
__Htext                      text         0000
__Labs1                      abs1         0000
__Lbank0                     bank0        0000
__Lbank1                     bank1        0000
__Lbank2                     bank2        0000
__Lbank3                     bank3        0000
__LbssBANK0                  bssBANK0     0000
__LbssCOMMON                 bssCOMMON    0000
__Lcinit                     cinit        000B
__Lclrtext                   clrtext      0000
__Lcode                      code         0000
__Lcommon                    common       0000
__Lconfig                    config       2007
__LcstackBANK0               cstackBANK0  0000
__LcstackBANK1               cstackBANK1  0000
__LcstackCOMMON              cstackCOMMON 0000
__LdataBANK1                 dataBANK1    0000
__Leeprom_data               eeprom_data  0000
__Lend_init                  end_init     000A
__Lfunctab                   functab      0000
__LidataBANK1                idataBANK1   0000
__Lidloc                     idloc        0000
__Linit                      init         000A
__Lintentry                  intentry     0004
__Lmaintext                  maintext     0000
__Lpowerup                   powerup      0000
__Lram                       ram          0000
__Lreset_vec                 reset_vec    0000
__Lsfr0                      sfr0         0000
__Lsfr1                      sfr1         0000
__Lsfr2                      sfr2         0000
__Lsfr3                      sfr3         0000
__Lspace_0                   (abs)        0000
__Lspace_1                   (abs)        0000
__Lspace_2                   (abs)        0000
__Lspace_3                   (abs)        0000
__Lstack                     stack        0000
__Lstrings                   strings      0000
__Ltext                      text         0000
__S0                         (abs)        2008
__S1                         (abs)        00EF
__S2                         (abs)        0000
__S3                         (abs)        0000
___awdiv                     text7        02D6
___awdiv@counter             cstackBANK0  0021
___awdiv@dividend            cstackCOMMON 0076
___awdiv@divisor             cstackCOMMON 0074
___awdiv@quotient            cstackBANK0  0023
___awdiv@sign                cstackBANK0  0022
___int_sp                    stack        0000
___latbits                   (abs)        0000
___sp                        stack        0000
___stackhi                   (abs)        0000
___stacklo                   (abs)        0000
__end_of___awdiv             text7        033F
__end_of__initialization     cinit        001A
__end_of_desenharMatriz      text4        02D6
__end_of_echo                text8        037D
__end_of_enviarParaDisplay   text5        026B
__end_of_finalizarEnvio      text6        03EE
__end_of_inicializarDisplay  text3        03E3
__end_of_inicializarJogo     text2        03B7
__end_of_main                maintext     01F7
__end_of_renderizar          text1        03D3
__initialization             cinit        000B
__pbssBANK0                  bssBANK0     003D
__pbssCOMMON                 bssCOMMON    0078
__pcstackBANK0               cstackBANK0  0020
__pcstackBANK1               cstackBANK1  00A0
__pcstackCOMMON              cstackCOMMON 0070
__pdataBANK1                 dataBANK1    00EC
__pidataBANK1                idataBANK1   03F6
__pintentry                  intentry     0004
__pmaintext                  maintext     001C
__ptext1                     text1        03B7
__ptext2                     text2        037D
__ptext3                     text3        03D3
__ptext4                     text4        026B
__ptext5                     text5        01F7
__ptext6                     text6        03E3
__ptext7                     text7        02D6
__ptext8                     text8        033F
__size_of___awdiv            (abs)        0000
__size_of_desenharMatriz     (abs)        0000
__size_of_echo               (abs)        0000
__size_of_enviarParaDisplay  (abs)        0000
__size_of_finalizarEnvio     (abs)        0000
__size_of_inicializarDisplay (abs)        0000
__size_of_inicializarJogo    (abs)        0000
__size_of_main               (abs)        0000
__size_of_renderizar         (abs)        0000
_desenharMatriz              text4        026B
_dir                         dataBANK1    00ED
_echo                        text8        033F
_enviarParaDisplay           text5        01F7
_finalizarEnvio              text6        03E3
_inicializarDisplay          text3        03D3
_inicializarJogo             text2        037D
_main                        maintext     001C
_pause                       dataBANK1    00EC
_renderizar                  text1        03B7
_tamanho_kobra               dataBANK1    00EE
btemp                        (abs)        007E
clear_ram0                   clrtext      03EE
desenharMatriz@i             cstackBANK0  0037
desenharMatriz@i_123         cstackBANK0  0039
desenharMatriz@indice        cstackBANK0  0036
desenharMatriz@j             cstackBANK0  0038
desenharMatriz@temp          cstackBANK0  002D
desenharMatriz@vetor         cstackBANK0  0035
end_of_initialization        cinit        001A
enviarParaDisplay@i          cstackBANK0  0022
enviarParaDisplay@i_129      cstackBANK0  0024
enviarParaDisplay@parteAlta  cstackBANK0  0026
enviarParaDisplay@parteBaixa cstackCOMMON 0075
enviarParaDisplay@temp       cstackBANK0  0020
enviarParaDisplay@temp_130   cstackBANK0  0021
inicializarJogo@kobra        cstackCOMMON 0075
inicializarJogo@mapa         cstackCOMMON 0077
inicializarJogo@ovo          cstackCOMMON 0074
interrupt_function           intentry     0004
intlevel0                    functab      0000
intlevel1                    functab      0000
intlevel2                    functab      0000
intlevel3                    functab      0000
intlevel4                    functab      0000
intlevel5                    functab      0000
main@i                       cstackBANK1  00EB
main@kobra                   cstackBANK1  00A0
main@mapa                    cstackBANK1  00E0
main@ovo                     cstackBANK1  00E9
main@semente                 cstackBANK1  00E8
renderizar@aux               cstackCOMMON 0074
renderizar@mapa              cstackCOMMON 0076
reset_vec                    reset_vec    0000
saved_w                      (abs)        007E
start                        init         000A
start_initialization         cinit        000B
wtemp0                       (abs)        007E


FUNCTION INFORMATION:

 *************** function _main *****************
 Defined at:
		line 53 in file "main.c"
 Parameters:    Size  Location     Type
		None
 Auto vars:     Size  Location     Type
  kobra          64    0[BANK1 ] struct .[32]
  mapa            8   64[BANK1 ] unsigned char [8]
  ovo             2   73[BANK1 ] struct .
  i               1   75[BANK1 ] unsigned char 
  semente         1   72[BANK1 ] unsigned char 
 Return value:  Size  Location     Type
                  1    wreg      void 
 Registers used:
		wreg, fsr0l, fsr0h, status,2, status,0, btemp+1, pclath, cstack
 Tracked objects:
		On entry : 
		On exit  : 
		Unchanged: 
 Data sizes:     COMMON   BANK0   BANK1   BANK2
      Params:         0       0       0       0
      Locals:         0       0      76       0
      Temps:          0       3       0       0
      Totals:         0       3      76       0
Total ram usage:       79 bytes
 Hardware stack levels required when called:    4
 This function calls:
		___awdiv
		_desenharMatriz
		_inicializarDisplay
		_inicializarJogo
		_renderizar
 This function is called by:
		Startup code after reset
 This function uses a non-reentrant model


 *************** function _renderizar *****************
 Defined at:
		line 150 in file "main.c"
 Parameters:    Size  Location     Type
  mapa            1    wreg     PTR unsigned char 
		 -> main@mapa(8), 
  aux             2    4[COMMON] struct .
 Auto vars:     Size  Location     Type
  mapa            1    6[COMMON] PTR unsigned char 
		 -> main@mapa(8), 
 Return value:  Size  Location     Type
                  1    wreg      void 
 Registers used:
		wreg, fsr0l, fsr0h, status,2, status,0
 Tracked objects:
		On entry : 
		On exit  : 
		Unchanged: 
 Data sizes:     COMMON   BANK0   BANK1   BANK2
      Params:         2       0       0       0
      Locals:         1       0       0       0
      Temps:          0       5       0       0
      Totals:         3       5       0       0
Total ram usage:        8 bytes
 Hardware stack levels used:    1
 Hardware stack levels required when called:    1
 This function calls:
		Nothing
 This function is called by:
		_main
 This function uses a non-reentrant model


 *************** function _inicializarJogo *****************
 Defined at:
		line 131 in file "main.c"
 Parameters:    Size  Location     Type
  mapa            1    wreg     PTR unsigned char 
		 -> main@mapa(8), 
  ovo             1    4[COMMON] PTR struct .
		 -> main@ovo(2), 
  kobra           1    5[COMMON] PTR struct .
		 -> main@kobra(64), 
 Auto vars:     Size  Location     Type
  mapa            1    7[COMMON] PTR unsigned char 
		 -> main@mapa(8), 
 Return value:  Size  Location     Type
                  1    wreg      void 
 Registers used:
		wreg, fsr0l, fsr0h, status,2, status,0
 Tracked objects:
		On entry : 
		On exit  : 
		Unchanged: 
 Data sizes:     COMMON   BANK0   BANK1   BANK2
      Params:         2       0       0       0
      Locals:         1       0       0       0
      Temps:          1       0       0       0
      Totals:         4       0       0       0
Total ram usage:        4 bytes
 Hardware stack levels used:    1
 Hardware stack levels required when called:    1
 This function calls:
		Nothing
 This function is called by:
		_main
 This function uses a non-reentrant model


 *************** function _inicializarDisplay *****************
 Defined at:
		line 154 in file "main.c"
 Parameters:    Size  Location     Type
		None
 Auto vars:     Size  Location     Type
  parteBaixa      1    0        unsigned char 
  parteAlta       1    0        unsigned char 
 Return value:  Size  Location     Type
                  1    wreg      void 
 Registers used:
		wreg, status,2, status,0, btemp+1, pclath, cstack
 Tracked objects:
		On entry : 
		On exit  : 
		Unchanged: 
 Data sizes:     COMMON   BANK0   BANK1   BANK2
      Params:         0       0       0       0
      Locals:         0       2       0       0
      Temps:          0       1       0       0
      Totals:         0       3       0       0
Total ram usage:        3 bytes
 Hardware stack levels used:    1
 Hardware stack levels required when called:    3
 This function calls:
		_enviarParaDisplay
 This function is called by:
		_main
 This function uses a non-reentrant model


 *************** function _desenharMatriz *****************
 Defined at:
		line 168 in file "main.c"
 Parameters:    Size  Location     Type
  vetor           1    wreg     PTR unsigned char 
		 -> main@mapa(8), 
 Auto vars:     Size  Location     Type
  vetor           1   21[BANK0 ] PTR unsigned char 
		 -> main@mapa(8), 
  j               1   24[BANK0 ] unsigned char 
  i               1   25[BANK0 ] unsigned char 
  i               1   23[BANK0 ] unsigned char 
  temp            8   13[BANK0 ] unsigned char [8]
  indice          1   22[BANK0 ] unsigned char 
 Return value:  Size  Location     Type
                  1    wreg      void 
 Registers used:
		wreg, fsr0l, fsr0h, status,2, status,0, btemp+1, pclath, cstack
 Tracked objects:
		On entry : 
		On exit  : 
		Unchanged: 
 Data sizes:     COMMON   BANK0   BANK1   BANK2
      Params:         0       0       0       0
      Locals:         0      13       0       0
      Temps:          0       6       0       0
      Totals:         0      19       0       0
Total ram usage:       19 bytes
 Hardware stack levels used:    1
 Hardware stack levels required when called:    3
 This function calls:
		_enviarParaDisplay
 This function is called by:
		_main
 This function uses a non-reentrant model


 *************** function _enviarParaDisplay *****************
 Defined at:
		line 182 in file "main.c"
 Parameters:    Size  Location     Type
  parteAlta       1    wreg     unsigned char 
  parteBaixa      1    5[COMMON] unsigned char 
 Auto vars:     Size  Location     Type
  parteAlta       1    6[BANK0 ] unsigned char 
  temp            1    1[BANK0 ] unsigned char 
  temp            1    0[BANK0 ] unsigned char 
  i               2    4[BANK0 ] int 
  i               2    2[BANK0 ] int 
 Return value:  Size  Location     Type
                  1    wreg      void 
 Registers used:
		wreg, status,2, status,0, btemp+1, pclath, cstack
 Tracked objects:
		On entry : 
		On exit  : 
		Unchanged: 
 Data sizes:     COMMON   BANK0   BANK1   BANK2
      Params:         1       0       0       0
      Locals:         0       7       0       0
      Temps:          2       0       0       0
      Totals:         3       7       0       0
Total ram usage:       10 bytes
 Hardware stack levels used:    1
 Hardware stack levels required when called:    2
 This function calls:
		_finalizarEnvio
 This function is called by:
		_inicializarDisplay
		_desenharMatriz
 This function uses a non-reentrant model


 *************** function _finalizarEnvio *****************
 Defined at:
		line 204 in file "main.c"
 Parameters:    Size  Location     Type
		None
 Auto vars:     Size  Location     Type
		None
 Return value:  Size  Location     Type
                  1    wreg      void 
 Registers used:
		wreg
 Tracked objects:
		On entry : 
		On exit  : 
		Unchanged: 
 Data sizes:     COMMON   BANK0   BANK1   BANK2
      Params:         0       0       0       0
      Locals:         0       0       0       0
      Temps:          1       0       0       0
      Totals:         1       0       0       0
Total ram usage:        1 bytes
 Hardware stack levels used:    1
 Hardware stack levels required when called:    1
 This function calls:
		Nothing
 This function is called by:
		_enviarParaDisplay
 This function uses a non-reentrant model


 *************** function ___awdiv *****************
 Defined at:
		line 5 in file "/opt/microchip/xc8/v2.10/pic/sources/c90/common/awdiv.c"
 Parameters:    Size  Location     Type
  divisor         2    4[COMMON] int 
  dividend        2    6[COMMON] int 
 Auto vars:     Size  Location     Type
  quotient        2    3[BANK0 ] int 
  sign            1    2[BANK0 ] unsigned char 
  counter         1    1[BANK0 ] unsigned char 
 Return value:  Size  Location     Type
                  2    4[COMMON] int 
 Registers used:
		wreg, status,2, status,0
 Tracked objects:
		On entry : 
		On exit  : 
		Unchanged: 
 Data sizes:     COMMON   BANK0   BANK1   BANK2
      Params:         4       0       0       0
      Locals:         0       4       0       0
      Temps:          0       1       0       0
      Totals:         4       5       0       0
Total ram usage:        9 bytes
 Hardware stack levels used:    1
 Hardware stack levels required when called:    1
 This function calls:
		Nothing
 This function is called by:
		_main
 This function uses a non-reentrant model


 *************** function _echo *****************
 Defined at:
		line 39 in file "main.c"
 Parameters:    Size  Location     Type
		None
 Auto vars:     Size  Location     Type
		None
 Return value:  Size  Location     Type
                  1    wreg      void 
 Registers used:
		wreg, status,2, status,0
 Tracked objects:
		On entry : 
		On exit  : 
		Unchanged: 
 Data sizes:     COMMON   BANK0   BANK1   BANK2
      Params:         0       0       0       0
      Locals:         0       0       0       0
      Temps:          4       0       0       0
      Totals:         4       0       0       0
Total ram usage:        4 bytes
 Hardware stack levels used:    1
 This function calls:
		Nothing
 This function is called by:
		Interrupt level 1
 This function uses a non-reentrant model



MODULE INFORMATION

Module		Function		Class		Link	Load	Size
/opt/microchip/xc8/v2.10/pic/sources/c90/common/awdiv.c
		___awdiv       		CODE           	02D6	0000	106

/opt/microchip/xc8/v2.10/pic/sources/c90/common/awdiv.c estimated size: 106

shared
		__initialization		CODE           	000B	0000	16

shared estimated size: 16

main.c
		_inicializarDisplay		CODE           	03D3	0000	17
		_echo          		CODE           	033F	0000	63
		_main          		CODE           	001C	0000	476
		_finalizarEnvio		CODE           	03E3	0000	12
		_renderizar    		CODE           	03B7	0000	29
		_desenharMatriz		CODE           	026B	0000	108
		_inicializarJogo		CODE           	037D	0000	59
		_enviarParaDisplay		CODE           	01F7	0000	117

main.c estimated size: 881

